[nimble-tanuki-d4eb4d.netlify.app/index.html]
[backblue.gif]
[fade.gif]
[index.html]
[nimble-tanuki-d4eb4d.netlify.app/favicon_io/favicon.ico]
[nimble-tanuki-d4eb4d.netlify.app/index-2.html]
[nimble-tanuki-d4eb4d.netlify.app/trailercentral.com/website/media/ben/tcfav.html]
[nimble-tanuki-d4eb4d.netlify.app/dealer-cdn.com/skin/website/responsive/southwestgolfcars/css/all60976097.css]
[nimble-tanuki-d4eb4d.netlify.app/ajax.googleapis.com/ajax/libs/jquery/1.11.3/jquery.min.js]
[nimble-tanuki-d4eb4d.netlify.app/ajax.googleapis.com/ajax/libs/jqueryui/1.11.3/jquery-ui.min.js]
[nimble-tanuki-d4eb4d.netlify.app/dealer-cdn.com/skin/default/responsive/js/all.min8e4c8e4c.js]
[nimble-tanuki-d4eb4d.netlify.app/connect.facebook.net/en_US/sdk.js]
[nimble-tanuki-d4eb4d.netlify.app/www.google-analytics.com/analytics.js]
[nimble-tanuki-d4eb4d.netlify.app/www.googletagmanager.com/gtm54455445.html]
[nimble-tanuki-d4eb4d.netlify.app/images-2/inline-image-default.png]
[nimble-tanuki-d4eb4d.netlify.app/images-3/wallpaper.png]
[i.imgur.com/mSo8OmT.png]
[nimble-tanuki-d4eb4d.netlify.app/inventory.html]
[nimble-tanuki-d4eb4d.netlify.app/customize.html]
[nimble-tanuki-d4eb4d.netlify.app/aboutus.html]
[nimble-tanuki-d4eb4d.netlify.app/services.html]
[nimble-tanuki-d4eb4d.netlify.app/contact.html]
[nimble-tanuki-d4eb4d.netlify.app/images-3/AdobeStock_488563549.webm]
[nimble-tanuki-d4eb4d.netlify.app/images-3/AdobeStock_488563549.mp4]
[nimble-tanuki-d4eb4d.netlify.app/images-3/AdobeStock_488563549.gif]
[nimble-tanuki-d4eb4d.netlify.app/inventory-hxs342-6-seaters-1.html]
[nimble-tanuki-d4eb4d.netlify.app/images-3/IMG-20231208-WA0002.jpg]
[nimble-tanuki-d4eb4d.netlify.app/inventory-hxs322-4-seaters-2.html]
[nimble-tanuki-d4eb4d.netlify.app/images-3/IMG-20231208-WA0003.jpg]
[nimble-tanuki-d4eb4d.netlify.app/inventory-hxs342-6-seaters-2.html]
[nimble-tanuki-d4eb4d.netlify.app/images-3/IMG-20231208-WA0005.jpg]
[nimble-tanuki-d4eb4d.netlify.app/inventory-hxs322-4-seaters-1.html]
[nimble-tanuki-d4eb4d.netlify.app/images-3/IMG-20231208-WA0004.jpg]
[nimble-tanuki-d4eb4d.netlify.app/images-3/IMG-20231208-WA0006.jpg]
[nimble-tanuki-d4eb4d.netlify.app/images-3/logo.png]
[nimble-tanuki-d4eb4d.netlify.app/service.20.delayed]
[nimble-tanuki-d4eb4d.netlify.app/index.html]
[nimble-tanuki-d4eb4d.netlify.app/index-2.html]
[trailercentral.com/wp-includes/css/dist/block-library/style.min37ad.css]
[trailercentral.com/wp-content/plugins/contact-form-7/includes/css/styles5fba.css]
[trailercentral.com/wp-content/plugins/menu-image/includes/css/menu-image7d47.css]
[trailercentral.com/wp-content/themes/trailer/stylef823.css]
[trailercentral.com/wp-content/themes/trailer/assets/css/animatef823.css]
[trailercentral.com/wp-content/plugins/popup-maker/assets/css/pum-site.min90f9.css]
[use.fontawesome.com/releases/v5.13.1/css/v4-shims.css]
[trailercentral.com/wp-includes/js/jquery/jquery.minaf6c.js]
[trailercentral.com/wp-includes/js/jquery/jquery-migrate.mind617.js]
[trailercentral.com/wp-content/themes/trailer/assets/js/artick.flf823.js]
[trailercentral.com/wp-content/themes/trailer/assets/js/sliderf823.js]
[tc-prod-trailercentral-wp.s3.amazonaws.com/uploads/2020/07/favicon.png]
[tc-prod-trailercentral-wp.s3.amazonaws.com/uploads/2021/07/towerleft.png]
[tc-prod-trailercentral-wp.s3.amazonaws.com/uploads/2021/07/towerright.png]
[tc-prod-trailercentral-wp.s3.amazonaws.com/uploads/2021/07/tc-logo-header-white.png]
[trailercentral.com/wp-content/themes/trailer/assets/img/trailercentral.png]
[tc-prod-trailercentral-wp.s3.amazonaws.com/uploads/2020/07/clipboard-1.png]
[tc-prod-trailercentral-wp.s3.amazonaws.com/uploads/2020/07/user-1.png]
[nimble-tanuki-d4eb4d.netlify.app/inventory-data-management/index.html]
[nimble-tanuki-d4eb4d.netlify.app/crm/index.html]
[tc-prod-trailercentral-wp.s3.amazonaws.com/uploads/2020/07/laptop-1-1.png]
[nimble-tanuki-d4eb4d.netlify.app/dealer-websites-marketing/index.html]
[tc-prod-trailercentral-wp.s3.amazonaws.com/uploads/2020/07/trailercentral-footer.png]
[tc-prod-trailercentral-wp.s3.amazonaws.com/uploads/2020/07/google.png]
[tc-prod-trailercentral-wp.s3.amazonaws.com/uploads/2021/07/quickbooks-integration.png]
[trailercentral.com/wp-content/plugins/contact-form-7/includes/js/scripts5fba.js]
[trailercentral.com/wp-includes/js/jquery/ui/core.min0028.js]
[trailercentral.com/wp-content/plugins/popup-maker/assets/js/site.min5273.js]
[nimble-tanuki-d4eb4d.netlify.app/trailercentral.com/website/media/ben/tcfav.html]
[nimble-tanuki-d4eb4d.netlify.app/fonttype.ttf]
[nimble-tanuki-d4eb4d.netlify.app/skin/default/responsive/images/third-party/animated-overlay.420f32.delayed]
[nimble-tanuki-d4eb4d.netlify.app/skin/default/responsive/images/third-party/ui-bg_highlight-soft_100_eeeeee_1x100.430f32.delayed]
[nimble-tanuki-d4eb4d.netlify.app/skin/default/responsive/images/third-party/ui-bg_gloss-wave_35_f6a828_500x100.440f32.delayed]
[nimble-tanuki-d4eb4d.netlify.app/skin/default/responsive/images/third-party/ui-bg_glass_100_f6f6f6_1x400.450f32.delayed]
[nimble-tanuki-d4eb4d.netlify.app/skin/default/responsive/images/third-party/ui-bg_glass_100_fdf5ce_1x400.460f32.delayed]
[nimble-tanuki-d4eb4d.netlify.app/skin/default/responsive/images/third-party/ui-bg_glass_65_ffffff_1x400.470f32.delayed]
[nimble-tanuki-d4eb4d.netlify.app/skin/default/responsive/images/third-party/ui-bg_highlight-soft_75_ffe45c_1x100.480f32.delayed]
[nimble-tanuki-d4eb4d.netlify.app/skin/default/responsive/images/third-party/ui-bg_diagonals-thick_18_b81900_40x40.490f32.delayed]
[nimble-tanuki-d4eb4d.netlify.app/skin/default/responsive/images/third-party/ui-icons_222222_256x240.4a0f32.delayed]
[nimble-tanuki-d4eb4d.netlify.app/skin/default/responsive/images/third-party/ui-icons_ffffff_256x240.4b0f32.delayed]
[nimble-tanuki-d4eb4d.netlify.app/skin/default/responsive/images/third-party/ui-icons_ef8c08_256x240.4c0f32.delayed]
[nimble-tanuki-d4eb4d.netlify.app/skin/default/responsive/images/third-party/ui-icons_228ef1_256x240.4d0f32.delayed]
[nimble-tanuki-d4eb4d.netlify.app/skin/default/responsive/images/third-party/ui-icons_ffd27a_256x240.4e0f32.delayed]
[nimble-tanuki-d4eb4d.netlify.app/skin/default/responsive/images/third-party/ui-bg_diagonals-thick_20_666666_40x40.4f0f32.delayed]
[nimble-tanuki-d4eb4d.netlify.app/skin/default/responsive/images/third-party/ui-bg_flat_10_000000_40x100.500f32.delayed]
[nimble-tanuki-d4eb4d.netlify.app/skin/default/responsive/images/bg_direction_nav.510f32.delayed]
[nimble-tanuki-d4eb4d.netlify.app/skin/default/responsive/images/third-party/fancybox_sprite.520f32.delayed]
[nimble-tanuki-d4eb4d.netlify.app/skin/default/responsive/images/third-party/fancybox_loading.530f32.delayed]
[nimble-tanuki-d4eb4d.netlify.app/skin/default/responsive/images/blank.540f32.delayed]
[nimble-tanuki-d4eb4d.netlify.app/skin/default/responsive/images/third-party/fancybox_overlay.550f32.delayed]
[nimble-tanuki-d4eb4d.netlify.app/skin/default/responsive/images/ajax-loader.560f32.delayed]
[nimble-tanuki-d4eb4d.netlify.app/skin/default/responsive/fonts/slick.570f32.delayed]
[nimble-tanuki-d4eb4d.netlify.app/skin/default/responsive/fonts/slick.580f32.delayed]
[nimble-tanuki-d4eb4d.netlify.app/skin/default/responsive/fonts/slick.590f32.delayed]
[nimble-tanuki-d4eb4d.netlify.app/dealer-cdn.com/skin/website/responsive/southwestgolfcars/css/fonts/slick.5a.delayed]
[nimble-tanuki-d4eb4d.netlify.app/dealer-cdn.com/skin/default/desktop/images/bg_check-off.png]
[nimble-tanuki-d4eb4d.netlify.app/dealer-cdn.com/skin/default/desktop/images/bg_check-on.png]
[nimble-tanuki-d4eb4d.netlify.app/dealer-cdn.com/skin/default/desktop/images/bg_check-disabled.png]
[nimble-tanuki-d4eb4d.netlify.app/dealer-cdn.com/skin/website/responsive/southwestgolfcars/images/ajax-loader2.gif]
[nimble-tanuki-d4eb4d.netlify.app/dealer-cdn.com/skin/website/responsive/southwestgolfcars/images/barely-header6e6b6e6b.png]
[nimble-tanuki-d4eb4d.netlify.app/dealer-cdn.com/skin/website/responsive/southwestgolfcars/css/all60976097.css]
[nimble-tanuki-d4eb4d.netlify.app/www.googletagmanager.com/gtm54455445.html]
[netdna.bootstrapcdn.com/bootstrap/3.1.1/js/bootstrap.min.js]
[nimble-tanuki-d4eb4d.netlify.app/inventory-2.html]
[ajax.googleapis.com/ajax/libs/jquery/1.11.0/jquery.min.js]
[www.a1golfcarts.com/src/tp/lightSlider/js/lightslider.min.js]
[www.a1golfcarts.com/src/tp/lightSlider/css/lightslider.min.css]
[nimble-tanuki-d4eb4d.netlify.app/--inventory.66.delayed]
[nimble-tanuki-d4eb4d.netlify.app/lightslider-master/lightslider-master/src/css/lightslider.css]
[nimble-tanuki-d4eb4d.netlify.app/lightslider-master/lightslider-master/src/js/lightslider.js]
[nimble-tanuki-d4eb4d.netlify.app/--xt-xInquiry.698034.delayed]
[nimble-tanuki-d4eb4d.netlify.app/inventory.html]
[nimble-tanuki-d4eb4d.netlify.app/customize.html]
[nimble-tanuki-d4eb4d.netlify.app/customize-2.html]
[nimble-tanuki-d4eb4d.netlify.app/aboutus.html]
[nimble-tanuki-d4eb4d.netlify.app/aboutus-2.html]
[nimble-tanuki-d4eb4d.netlify.app/services.html]
[nimble-tanuki-d4eb4d.netlify.app/services-2.html]
[nimble-tanuki-d4eb4d.netlify.app/contact.html]
[nimble-tanuki-d4eb4d.netlify.app/inventory-hxs342-6-seaters-1.html]
[nimble-tanuki-d4eb4d.netlify.app/inventory-hxs322-4-seaters-2.html]
[nimble-tanuki-d4eb4d.netlify.app/inventory-hxs342-6-seaters-2.html]
[nimble-tanuki-d4eb4d.netlify.app/inventory-hxs322-4-seaters-1.html]
[nimble-tanuki-d4eb4d.netlify.app/service.html]
[trailercentral.com/wp-includes/css/dist/block-library/style.min37ad.css]
[nimble-tanuki-d4eb4d.netlify.app/contact-2.html]
[cowboycarts.com/images-3/screenshot-1-desktop.png]
[trailercentral.com/wp-content/plugins/contact-form-7/images/ajax-loader.gif]
[trailercentral.com/wp-content/plugins/contact-form-7/includes/css/styles5fba.css]
[trailercentral.com/wp-content/plugins/menu-image/includes/css/menu-image7d47.css]
[trailercentral.com/wp-content/themes/trailer/assets/img/trailercentral-1.png]
[trailercentral.com/wp-content/themes/trailer/stylef823.css]
[trailercentral.com/wp-content/themes/trailer/assets/css/animatef823.css]
[trailercentral.com/wp-content/themes/trailer/assets/css/iPadProf823.css]
[trailercentral.com/wp-content/themes/trailer/assets/css/iPadf823.css]
[trailercentral.com/wp-content/themes/trailer/assets/css/mobilef823.css]
[trailercentral.com/wp-content/plugins/popup-maker/assets/css/pum-site.min90f9.css]
[use.fontawesome.com/releases/v5.13.1/css/v4-shims.css]
[www.googletagmanager.com/gtm5445.html]
[nimble-tanuki-d4eb4d.netlify.app/inventory-data-management/index.html]
[nimble-tanuki-d4eb4d.netlify.app/crm/index.html]
[nimble-tanuki-d4eb4d.netlify.app/dealer-websites-marketing/index.html]
[www.trailercentral.com/wp-content/uploads/2020/07/trailercentral-1.html]
[nimble-tanuki-d4eb4d.netlify.app/skin/default/responsive/images/third-party/animated-overlay0f32.html]
[nimble-tanuki-d4eb4d.netlify.app/skin/default/responsive/images/third-party/ui-bg_highlight-soft_100_eeeeee_1x1000f32.html]
[nimble-tanuki-d4eb4d.netlify.app/skin/default/responsive/images/third-party/ui-bg_gloss-wave_35_f6a828_500x1000f32.html]
[nimble-tanuki-d4eb4d.netlify.app/skin/default/responsive/images/third-party/ui-bg_glass_100_f6f6f6_1x4000f32.html]
[nimble-tanuki-d4eb4d.netlify.app/skin/default/responsive/images/third-party/ui-bg_glass_100_fdf5ce_1x4000f32.html]
[nimble-tanuki-d4eb4d.netlify.app/skin/default/responsive/images/third-party/ui-bg_glass_65_ffffff_1x4000f32.html]
[nimble-tanuki-d4eb4d.netlify.app/skin/default/responsive/images/third-party/ui-bg_highlight-soft_75_ffe45c_1x1000f32.html]
[nimble-tanuki-d4eb4d.netlify.app/skin/default/responsive/images/third-party/ui-bg_diagonals-thick_18_b81900_40x400f32.html]
[nimble-tanuki-d4eb4d.netlify.app/skin/default/responsive/images/third-party/ui-icons_222222_256x2400f32.html]
[nimble-tanuki-d4eb4d.netlify.app/skin/default/responsive/images/third-party/ui-icons_ffffff_256x2400f32.html]
[nimble-tanuki-d4eb4d.netlify.app/skin/default/responsive/images/third-party/ui-icons_ef8c08_256x2400f32.html]
[nimble-tanuki-d4eb4d.netlify.app/skin/default/responsive/images/third-party/ui-icons_228ef1_256x2400f32.html]
[nimble-tanuki-d4eb4d.netlify.app/skin/default/responsive/images/third-party/ui-icons_ffd27a_256x2400f32.html]
[nimble-tanuki-d4eb4d.netlify.app/skin/default/responsive/images/third-party/ui-bg_diagonals-thick_20_666666_40x400f32.html]
[nimble-tanuki-d4eb4d.netlify.app/skin/default/responsive/images/third-party/ui-bg_flat_10_000000_40x1000f32.html]
[nimble-tanuki-d4eb4d.netlify.app/skin/default/responsive/images/bg_direction_nav0f32.html]
[nimble-tanuki-d4eb4d.netlify.app/skin/default/responsive/images/third-party/fancybox_sprite0f32.html]
[nimble-tanuki-d4eb4d.netlify.app/skin/default/responsive/images/third-party/fancybox_loading0f32.html]
[nimble-tanuki-d4eb4d.netlify.app/skin/default/responsive/images/blank0f32.html]
[nimble-tanuki-d4eb4d.netlify.app/skin/default/responsive/images/third-party/fancybox_overlay0f32.html]
[nimble-tanuki-d4eb4d.netlify.app/skin/default/responsive/images/ajax-loader0f32.html]
[nimble-tanuki-d4eb4d.netlify.app/skin/default/responsive/fonts/slick0f32.html]
[nimble-tanuki-d4eb4d.netlify.app/skin/default/responsive/fonts/slick0f32-2.html]
[nimble-tanuki-d4eb4d.netlify.app/skin/default/responsive/fonts/slick0f32-3.html]
[nimble-tanuki-d4eb4d.netlify.app/dealer-cdn.com/skin/website/responsive/southwestgolfcars/css/fonts/slick.html]
[nimble-tanuki-d4eb4d.netlify.app/inventory-2.html]
[www.google.com/images/errors/robot.png]
[www.a1golfcarts.com/src/tp/lightSlider/img/controls.png]
[www.a1golfcarts.com/src/tp/lightSlider/css/lightslider.min.css]
[nimble-tanuki-d4eb4d.netlify.app/--inventory.html]
[nimble-tanuki-d4eb4d.netlify.app/lightslider-master/lightslider-master/src/img/controls.png]
[nimble-tanuki-d4eb4d.netlify.app/lightslider-master/lightslider-master/src/css/lightslider.css]
[nimble-tanuki-d4eb4d.netlify.app/--xt-xInquiry8034.html]
[nimble-tanuki-d4eb4d.netlify.app/customize-2.html]
[nimble-tanuki-d4eb4d.netlify.app/aboutus-2.html]
[nimble-tanuki-d4eb4d.netlify.app/services-2.html]
[nimble-tanuki-d4eb4d.netlify.app/contact-2.html]
[trailercentral.com/wp-content/themes/trailer/assets/img/ikons/burger-black.svg]
[trailercentral.com/wp-content/themes/trailer/assets/img/ikons/burger.svg]
[trailercentral.com/wp-content/themes/trailer/assets/img/ikons/main-screen-arrow.svg]
[trailercentral.com/wp-content/themes/trailer/assets/img/ikons/main-screen-arrow-red.svg]
[trailercentral.com/wp-content/themes/trailer/assets/img/ikons/arrow-down.svg]
[trailercentral.com/wp-content/themes/trailer/assets/img/ikons/arrow-up.svg]
[trailercentral.com/wp-content/themes/trailer/assets/img/ikons/tab-arrow.svg]
[trailercentral.com/wp-content/themes/trailer/assets/img/ikons/check.svg]
[connect.facebook.net/en_US/fbevents.js]
[use.fontawesome.com/releases/v5.13.1/css/all.css]
[use.fontawesome.com/releases/v5.13.1/css/all.css]
[nimble-tanuki-d4eb4d.netlify.app/trailercentral.com/website/media/ben/a.7a.delayed]
[nimble-tanuki-d4eb4d.netlify.app/trailercentral.com/website/media/ben/POST.7b.delayed]
[nimble-tanuki-d4eb4d.netlify.app/trailercentral.com/website/media/ben/schema.org/index.html]
[nimble-tanuki-d4eb4d.netlify.app/trailercentral.com/website/media/ben/b.7c.delayed]
[nimble-tanuki-d4eb4d.netlify.app/signals/iwl.7d.delayed]
[connect.facebook.net/en_US/fbevents.js]
[nimble-tanuki-d4eb4d.netlify.app/trailercentral.com/website/media/ben/a.html]
[nimble-tanuki-d4eb4d.netlify.app/trailercentral.com/website/media/ben/POST.html]
[nimble-tanuki-d4eb4d.netlify.app/trailercentral.com/website/media/ben/schema.org/index.html]
[nimble-tanuki-d4eb4d.netlify.app/trailercentral.com/website/media/ben/b.html]
[nimble-tanuki-d4eb4d.netlify.app/signals/iwl.html]
